make: Entering directory '/c/Users/lucia/repos/emu8/build'
-- Configuring done (0.2s)
-- Generating done (0.1s)
-- Build files have been written to: C:/Users/lucia/repos/emu8/build
[  0%] Building CXX object CMakeFiles/emu8.dir/emu8_ino.cpp.obj
[  1%] Building CXX object CMakeFiles/emu8.dir/globals.cpp.obj
[  2%] Building CXX object CMakeFiles/emu8.dir/src/apple2/apple2_roms.cpp.obj
[  3%] Building CXX object CMakeFiles/emu8.dir/src/apple2/cpu.cpp.obj
[  4%] Building CXX object CMakeFiles/emu8.dir/src/apple2/disk.cpp.obj
[  5%] Building CXX object CMakeFiles/emu8.dir/src/apple2/hd.cpp.obj
[  5%] Building CXX object CMakeFiles/emu8.dir/src/apple2/languagecard.cpp.obj
[  6%] Building CXX object CMakeFiles/emu8.dir/src/apple2/memory.cpp.obj
[  7%] Building CXX object CMakeFiles/emu8.dir/src/apple2/mouse.cpp.obj
[  8%] Building CXX object CMakeFiles/emu8.dir/src/apple2/softswitches.cpp.obj
[  9%] Building CXX object CMakeFiles/emu8.dir/src/atari/atari.cpp.obj
[ 10%] Building CXX object CMakeFiles/emu8.dir/src/atari/atari_audio.cpp.obj
[ 10%] Building CXX object CMakeFiles/emu8.dir/src/atari/atari_cart.cpp.obj
[ 11%] Building CXX object CMakeFiles/emu8.dir/src/atari/atari_cpu.cpp.obj
[ 12%] Building CXX object CMakeFiles/emu8.dir/src/atari/atari_globals.cpp.obj
[ 13%] Building CXX object CMakeFiles/emu8.dir/src/atari/atari_memory.cpp.obj
[ 14%] Building CXX object CMakeFiles/emu8.dir/src/atari/atari_riot.cpp.obj
[ 15%] Building CXX object CMakeFiles/emu8.dir/src/atari/atari_tia.cpp.obj
[ 15%] Building CXX object CMakeFiles/emu8.dir/src/c64/c64.cpp.obj
[ 16%] Building CXX object CMakeFiles/emu8.dir/src/c64/c64_cia.cpp.obj
[ 17%] Building CXX object CMakeFiles/emu8.dir/src/c64/c64_cpu.cpp.obj
[ 18%] Building CXX object CMakeFiles/emu8.dir/src/c64/c64_crt.cpp.obj
[ 19%] Building CXX object CMakeFiles/emu8.dir/src/c64/c64_disk.cpp.obj
[ 20%] Building CXX object CMakeFiles/emu8.dir/src/c64/c64_globals.cpp.obj
[ 20%] Building CXX object CMakeFiles/emu8.dir/src/c64/c64_keyboard.cpp.obj
[ 21%] Building CXX object CMakeFiles/emu8.dir/src/c64/c64_memory.cpp.obj
[ 22%] Building CXX object CMakeFiles/emu8.dir/src/c64/c64_sid.cpp.obj
[ 23%] Building CXX object CMakeFiles/emu8.dir/src/c64/c64_vic.cpp.obj
[ 24%] Building CXX object CMakeFiles/emu8.dir/src/c64/c64rom.cpp.obj
[ 24%] Building CXX object CMakeFiles/emu8.dir/src/iigs/iigs_boot.cpp.obj
[ 25%] Building CXX object CMakeFiles/emu8.dir/src/msx/msx.cpp.obj
[ 26%] Building CXX object CMakeFiles/emu8.dir/src/msx/msx_audio.cpp.obj
[ 27%] Building CXX object CMakeFiles/emu8.dir/src/msx/msx_cart.cpp.obj
[ 27%] Building CXX object CMakeFiles/emu8.dir/src/msx/msx_cbios.cpp.obj
[ 28%] Building CXX object CMakeFiles/emu8.dir/src/msx/msx_disk.cpp.obj
[ 29%] Building CXX object CMakeFiles/emu8.dir/src/msx/msx_diskrom.cpp.obj
[ 30%] Building CXX object CMakeFiles/emu8.dir/src/msx/msx_globals.cpp.obj
[ 31%] Building CXX object CMakeFiles/emu8.dir/src/msx/msx_machine.cpp.obj
[ 32%] Building CXX object CMakeFiles/emu8.dir/src/msx/msx_ppi.cpp.obj
[ 32%] Building CXX object CMakeFiles/emu8.dir/src/msx/msx_psg.cpp.obj
[ 33%] Building CXX object CMakeFiles/emu8.dir/src/msx/msx_vdp.cpp.obj
[ 34%] Building CXX object CMakeFiles/emu8.dir/src/nes/nes.cpp.obj
[ 35%] Building CXX object CMakeFiles/emu8.dir/src/nes/nes_apu.cpp.obj
[ 36%] Building CXX object CMakeFiles/emu8.dir/src/nes/nes_cart.cpp.obj
[ 37%] Building CXX object CMakeFiles/emu8.dir/src/nes/nes_cpu.cpp.obj
[ 37%] Building CXX object CMakeFiles/emu8.dir/src/nes/nes_globals.cpp.obj
[ 38%] Building CXX object CMakeFiles/emu8.dir/src/nes/nes_mapper.cpp.obj
[ 39%] Building CXX object CMakeFiles/emu8.dir/src/nes/nes_memory.cpp.obj
[ 40%] Building CXX object CMakeFiles/emu8.dir/src/nes/nes_ppu.cpp.obj
[ 41%] Building CXX object CMakeFiles/emu8.dir/src/shared/eprom.cpp.obj
[ 42%] Building CXX object CMakeFiles/emu8.dir/src/shared/filebrowser.cpp.obj
[ 42%] Building CXX object CMakeFiles/emu8.dir/src/shared/interface.cpp.obj
[ 43%] Building CXX object CMakeFiles/emu8.dir/src/shared/joystick.cpp.obj
[ 44%] Building CXX object CMakeFiles/emu8.dir/src/shared/log.cpp.obj
[ 45%] Building CXX object CMakeFiles/emu8.dir/src/shared/optionsui.cpp.obj
[ 46%] Building CXX object CMakeFiles/emu8.dir/src/shared/osg.cpp.obj
[ 47%] Building CXX object CMakeFiles/emu8.dir/src/shared/touchkeyboard.cpp.obj
[ 48%] Building CXX object CMakeFiles/emu8.dir/src/shared/usbkeyboard.cpp.obj
[ 49%] Building CXX object CMakeFiles/emu8.dir/src/shared/video.cpp.obj
[ 49%] Building CXX object CMakeFiles/emu8.dir/src/shared/z80_core_stubs.cpp.obj
[ 50%] Building CXX object CMakeFiles/emu8.dir/src/sms/sms.cpp.obj
[ 51%] Building CXX object CMakeFiles/emu8.dir/src/sms/sms_audio.cpp.obj
[ 52%] Building CXX object CMakeFiles/emu8.dir/src/sms/sms_cart.cpp.obj
[ 53%] Building CXX object CMakeFiles/emu8.dir/src/sms/sms_io.cpp.obj
[ 54%] Building CXX object CMakeFiles/emu8.dir/src/sms/sms_globals.cpp.obj
[ 54%] Building CXX object CMakeFiles/emu8.dir/src/sms/sms_machine.cpp.obj
[ 55%] Building CXX object CMakeFiles/emu8.dir/src/sms/sms_psg.cpp.obj
[ 56%] Building CXX object CMakeFiles/emu8.dir/src/sms/sms_vdp.cpp.obj
[ 57%] Building CXX object CMakeFiles/emu8.dir/src/desktop/audio_sdl.cpp.obj
[ 58%] Building CXX object CMakeFiles/emu8.dir/src/desktop/debug_bridge.cpp.obj
[ 59%] Building CXX object CMakeFiles/emu8.dir/src/desktop/input_sdl.cpp.obj
[ 60%] Building CXX object CMakeFiles/emu8.dir/src/desktop/main.cpp.obj
[ 61%] Building CXX object CMakeFiles/emu8.dir/src/desktop/sd_host.cpp.obj
[ 62%] Building CXX object CMakeFiles/emu8.dir/src/tiny386/tiny386.cpp.obj
[ 63%] Building CXX object CMakeFiles/emu8.dir/src/pcxt/pcxt.cpp.obj
[ 64%] Linking CXX executable emu8.exe
[100%] Built target emu8
make: Leaving directory '/c/Users/lucia/repos/emu8/build'
